[2026-08-14 15:14:35.258] [fastdup] [info] fast markduplicates start
[2026-08-14 15:14:35.521] [fastdup] [info] 1681975 reads processed in 0 round
[2026-08-14 15:14:35.527] [fastdup] [warning] A field parsed out of a read name was expected to contain an integer and did not. READ_NAME_REGEX: (?:.*:)?([0-9]+)[^:]*:([0-9]+)[^:]*:([0-9]+)[^:]*$; Read name: SRR716421.3472844
[2026-08-14 15:14:35.527] [fastdup] [warning] A field parsed out of a read name was expected to contain an integer and did not. READ_NAME_REGEX: (?:.*:)?([0-9]+)[^:]*:([0-9]+)[^:]*:([0-9]+)[^:]*$; Read name: SRR716421.2967389
[2026-08-14 15:14:35.527] [fastdup] [warning] A field parsed out of a read name was expected to contain an integer and did not. READ_NAME_REGEX: (?:.*:)?([0-9]+)[^:]*:([0-9]+)[^:]*:([0-9]+)[^:]*$; Read name: SRR716421.737927
[2026-08-14 15:14:35.527] [fastdup] [warning] A field parsed out of a read name was expected to contain an integer and did not. READ_NAME_REGEX: (?:.*:)?([0-9]+)[^:]*:([0-9]+)[^:]*:([0-9]+)[^:]*$; Read name: SRR716421.9296670
[2026-08-14 15:14:35.528] [fastdup] [warning] A field parsed out of a read name was expected to contain an integer and did not. READ_NAME_REGEX: (?:.*:)?([0-9]+)[^:]*:([0-9]+)[^:]*:([0-9]+)[^:]*$; Read name: SRR716421.8190014
[2026-08-14 15:14:35.531] [fastdup] [warning] A field parsed out of a read name was expected to contain an integer and did not. READ_NAME_REGEX: (?:.*:)?([0-9]+)[^:]*:([0-9]+)[^:]*:([0-9]+)[^:]*$; Read name: SRR716421.2599487
[2026-08-14 15:14:35.877] [fastdup] [info] 1677456 reads processed in 1 round
[2026-08-14 15:14:36.163] [fastdup] [info] 1714284 reads processed in 2 round
[2026-08-14 15:14:36.423] [fastdup] [info] 1705060 reads processed in 3 round
[2026-08-14 15:14:36.710] [fastdup] [info] 1690713 reads processed in 4 round
[2026-08-14 15:14:36.974] [fastdup] [info] 1672799 reads processed in 5 round
[2026-08-14 15:14:37.226] [fastdup] [info] 1688065 reads processed in 6 round
[2026-08-14 15:14:37.471] [fastdup] [info] 1702478 reads processed in 7 round
[2026-08-14 15:14:37.716] [fastdup] [info] 1685787 reads processed in 8 round
[2026-08-14 15:14:37.959] [fastdup] [info] 1667749 reads processed in 9 round
[2026-08-14 15:14:38.210] [fastdup] [info] 1705236 reads processed in 10 round
[2026-08-14 15:14:38.451] [fastdup] [info] 1634174 reads processed in 11 round
[2026-08-14 15:14:38.551] [fastdup] [info] 20225776 total reads processed
[2026-08-14 15:14:38.683] [fastdup] [info] 467238 duplicate reads found
[2026-08-14 15:14:38.683] [fastdup] [info] 0 optical reads found
[2026-08-14 15:14:40.070] [fastdup] [info] write 1681975 reads to output
[2026-08-14 15:14:41.297] [fastdup] [info] write 1677456 reads to output
[2026-08-14 15:14:42.797] [fastdup] [info] write 1714284 reads to output
[2026-08-14 15:14:44.291] [fastdup] [info] write 1705060 reads to output
[2026-08-14 15:14:45.808] [fastdup] [info] write 1690713 reads to output
[2026-08-14 15:14:47.286] [fastdup] [info] write 1672799 reads to output
[2026-08-14 15:14:48.659] [fastdup] [info] write 1688065 reads to output
[2026-08-14 15:14:50.139] [fastdup] [info] write 1702478 reads to output
[2026-08-14 15:14:51.748] [fastdup] [info] write 1685787 reads to output
[2026-08-14 15:14:53.290] [fastdup] [info] write 1667749 reads to output
[2026-08-14 15:14:54.590] [fastdup] [info] write 1705236 reads to output
[2026-08-14 15:14:55.764] [fastdup] [info] write 1634174 reads to output
[2026-08-14 15:14:55.824] [fastdup] [info] fast markduplicates end
